edge "1/foo" "1/bar"
edge "1/foo" "4/foo"
edge "1/foo" "4/on_toast"
edge "4/foo" "4/bar"
edge "4/foo" "7/foo"
edge "4/foo" "7/on_toast"
edge "4/foo" "7/qux"
edge "7/foo" "7/bar"
edge "7/foo" "10/foo"
edge "7/foo" "10/on_toast"
edge "10/foo" "10/bar"
edge "10/foo" "13/foo"
edge "10/foo" "13/on_toast"
edge "10/foo" "13/qux"
edge "13/foo" "13/bar"
edge "13/foo" "16/foo"
edge "13/foo" "16/on_toast"
edge "16/foo" "16/bar"
edge "1/seq" "1/foo"
edge "4/seq" "4/foo"
edge "7/seq" "7/foo"
edge "10/seq" "10/foo"
edge "13/seq" "13/foo"
edge "16/seq" "16/foo"
edge "1/wibble" "7/wobble"
edge "7/wobble" "16/wubble"
edge "2/woo" "1/bar"
edge "2/woo" "1/foo"
edge "3/woo" "4/foo"
edge "5/woo" "4/bar"
edge "5/woo" "4/foo"
edge "6/woo" "7/foo"
edge "8/woo" "7/bar"
edge "8/woo" "7/foo"
edge "9/woo" "10/foo"
edge "11/woo" "10/bar"
edge "11/woo" "10/foo"
edge "12/woo" "13/foo"
edge "14/woo" "13/bar"
edge "14/woo" "13/foo"
edge "15/woo" "16/foo"
edge "17/woo" "16/bar"
edge "17/woo" "16/foo"
graph
node "1/bar" "bar\n1"
node "4/bar" "bar\n4"
node "7/bar" "bar\n7"
node "10/bar" "bar\n10"
node "13/bar" "bar\n13"
node "16/bar" "bar\n16"
node "16/baz" "baz\n16"
node "1/foo" "foo\n1"
node "4/foo" "foo\n4"
node "7/foo" "foo\n7"
node "10/foo" "foo\n10"
node "13/foo" "foo\n13"
node "16/foo" "foo\n16"
node "1/nang" "nang\n1"
node "4/ning" "ning\n4"
node "12/ning" "ning\n12"
node "16/ning" "ning\n16"
node "2/nong" "nong\n2"
node "8/nong" "nong\n8"
node "1/on_toast" "on_toast\n1"
node "4/on_toast" "on_toast\n4"
node "7/on_toast" "on_toast\n7"
node "10/on_toast" "on_toast\n10"
node "13/on_toast" "on_toast\n13"
node "16/on_toast" "on_toast\n16"
node "8/quux" "quux\n8"
node "16/quux" "quux\n16"
node "7/qux" "qux\n7"
node "13/qux" "qux\n13"
node "1/seq" "seq\n1"
node "4/seq" "seq\n4"
node "7/seq" "seq\n7"
node "10/seq" "seq\n10"
node "13/seq" "seq\n13"
node "16/seq" "seq\n16"
node "1/wibble" "wibble\n1"
node "7/wobble" "wobble\n7"
node "2/woo" "woo\n2"
node "3/woo" "woo\n3"
node "5/woo" "woo\n5"
node "6/woo" "woo\n6"
node "8/woo" "woo\n8"
node "9/woo" "woo\n9"
node "11/woo" "woo\n11"
node "12/woo" "woo\n12"
node "14/woo" "woo\n14"
node "15/woo" "woo\n15"
node "17/woo" "woo\n17"
node "16/wubble" "wubble\n16"
stop
