edge "1/FAM_dog_j1" "1/boo"
edge "1/foo" "FAM_cat_j11/"
edge "1/foo" "FAM_cat_j21/"
edge "1/foo" "FAM_cat_j41/"
edge "1/foo" "FAM_cat_j51/"
edge "1/foo" "FAM_dog_j11/"
edge "1/foo" "FAM_dog_j21/"
edge "1/foo" "FAM_dog_j31/"
edge "1/foo" "FAM_dog_j41/"
edge "1/foo" "FAM_dog_j51/"
edge "1/foo" "FAM_fish_j11/"
edge "1/foo" "FAM_fish_j21/"
edge "1/foo" "FAM_fish_j31/"
edge "1/foo" "FAM_fish_j41/"
edge "1/foo" "FAM_fish_j51/"
graph
node "1/FAM_cat_j1" "FAM_cat_j1\n1"
node "1/FAM_cat_j2" "FAM_cat_j2\n1"
node "1/FAM_cat_j4" "FAM_cat_j4\n1"
node "1/FAM_cat_j5" "FAM_cat_j5\n1"
node "1/FAM_dog_j1" "FAM_dog_j1\n1"
node "1/FAM_dog_j2" "FAM_dog_j2\n1"
node "1/FAM_dog_j3" "FAM_dog_j3\n1"
node "1/FAM_dog_j4" "FAM_dog_j4\n1"
node "1/FAM_dog_j5" "FAM_dog_j5\n1"
node "1/FAM_fish_j1" "FAM_fish_j1\n1"
node "1/FAM_fish_j2" "FAM_fish_j2\n1"
node "1/FAM_fish_j3" "FAM_fish_j3\n1"
node "1/FAM_fish_j4" "FAM_fish_j4\n1"
node "1/FAM_fish_j5" "FAM_fish_j5\n1"
node "1/boo" "boo\n1"
node "1/foo" "foo\n1"
stop
