edge "foo_cat.1" "bar_j1.1"
edge "foo_cat.1" "bar_j2.1"
edge "foo_cat.1" "bar_j3.1"
edge "foo_cat.1" "bar_j4.1"
edge "foo_cat.1" "bar_j5.1"
edge "foo_dog.1" "bar_j1.1"
edge "foo_dog.1" "bar_j2.1"
edge "foo_dog.1" "bar_j3.1"
edge "foo_dog.1" "bar_j4.1"
edge "foo_dog.1" "bar_j5.1"
edge "foo_fish.1" "bar_j1.1"
edge "foo_fish.1" "bar_j2.1"
edge "foo_fish.1" "bar_j3.1"
edge "foo_fish.1" "bar_j4.1"
edge "foo_fish.1" "bar_j5.1"
edge "qux_j1.1" "waz_k1.1"
edge "qux_j1.1" "waz_k5.1"
edge "qux_j1.1" "waz_k9.1"
edge "qux_j2.1" "waz_k1.1"
edge "qux_j2.1" "waz_k5.1"
edge "qux_j2.1" "waz_k9.1"
edge "qux_j3.1" "waz_k1.1"
edge "qux_j3.1" "waz_k5.1"
edge "qux_j3.1" "waz_k9.1"
edge "qux_j4.1" "waz_k1.1"
edge "qux_j4.1" "waz_k5.1"
edge "qux_j4.1" "waz_k9.1"
edge "qux_j5.1" "waz_k1.1"
edge "qux_j5.1" "waz_k5.1"
edge "qux_j5.1" "waz_k9.1"
graph
node "bar_j1.1" "bar_j1\n1"
node "bar_j2.1" "bar_j2\n1"
node "bar_j3.1" "bar_j3\n1"
node "bar_j4.1" "bar_j4\n1"
node "bar_j5.1" "bar_j5\n1"
node "foo_cat.1" "foo_cat\n1"
node "foo_dog.1" "foo_dog\n1"
node "foo_fish.1" "foo_fish\n1"
node "qux_j1.1" "qux_j1\n1"
node "qux_j2.1" "qux_j2\n1"
node "qux_j3.1" "qux_j3\n1"
node "qux_j4.1" "qux_j4\n1"
node "qux_j5.1" "qux_j5\n1"
node "waz_k1.1" "waz_k1\n1"
node "waz_k5.1" "waz_k5\n1"
node "waz_k9.1" "waz_k9\n1"
stop
