edge "foo@001.1" "bar@001.1" solid
edge "foo@002.1" "bar@002.1" solid
edge "foo@003.1" "bar@003.1" solid
edge "foo@004.1" "bar@004.1" solid
edge "foo@005.1" "bar@005.1" solid
graph
node "bar@001.1" "bar@001\n1" unfilled ellipse black
node "bar@002.1" "bar@002\n1" unfilled ellipse black
node "bar@003.1" "bar@003\n1" unfilled ellipse black
node "bar@004.1" "bar@004\n1" unfilled ellipse black
node "bar@005.1" "bar@005\n1" unfilled ellipse black
node "foo@001.1" "foo@001\n1" unfilled ellipse black
node "foo@002.1" "foo@002\n1" unfilled ellipse black
node "foo@003.1" "foo@003\n1" unfilled ellipse black
node "foo@004.1" "foo@004\n1" unfilled ellipse black
node "foo@005.1" "foo@005\n1" unfilled ellipse black
stop
