edge "earth.1" "bar.1"
edge "foo.1" "earth.1"
edge "foo.1" "i0.1"
edge "foo.1" "i1.1"
edge "foo.1" "i2.1"
edge "foo.1" "mars.1"
edge "foo.1" "mercury.1"
edge "foo.1" "venus.1"
edge "i0.1" "bar.1"
edge "i1.1" "bar.1"
edge "i2.1" "bar.1"
edge "mars.1" "bar.1"
edge "mercury.1" "bar.1"
edge "venus.1" "bar.1"
graph
node "bar.1" "bar\n1"
node "earth.1" "earth\n1"
node "foo.1" "foo\n1"
node "i0.1" "i0\n1"
node "i1.1" "i1\n1"
node "i2.1" "i2\n1"
node "mars.1" "mars\n1"
node "mercury.1" "mercury\n1"
node "venus.1" "venus\n1"
stop
