edge "1/foo_cat" "1/bar_1/"
edge "1/foo_cat" "1/bar_2/"
edge "1/foo_cat" "1/bar_3/"
edge "1/foo_cat" "1/bar_4/"
edge "1/foo_cat" "1/bar_5/"
edge "1/foo_dog" "1/bar_1/"
edge "1/foo_dog" "1/bar_2/"
edge "1/foo_dog" "1/bar_3/"
edge "1/foo_dog" "1/bar_4/"
edge "1/foo_dog" "1/bar_5/"
edge "1/foo_fish" "1/bar_1/"
edge "1/foo_fish" "1/bar_2/"
edge "1/foo_fish" "1/bar_3/"
edge "1/foo_fish" "1/bar_4/"
edge "1/foo_fish" "1/bar_5/"
edge "1/qux_j1/" "1/waz_k1/"
edge "1/qux_j1/" "1/waz_k5/"
edge "1/qux_j1/" "1/waz_k9/"
edge "1/qux_j2/" "1/waz_k1/"
edge "1/qux_j2/" "1/waz_k5/"
edge "1/qux_j2/" "1/waz_k9/"
edge "1/qux_j3/" "1/waz_k1/"
edge "1/qux_j3/" "1/waz_k5/"
edge "1/qux_j3/" "1/waz_k9/"
edge "1/qux_j4/" "1/waz_k1/"
edge "1/qux_j4/" "1/waz_k5/"
edge "1/qux_j4/" "1/waz_k9/"
edge "1/qux_j5/" "1/waz_k1/"
edge "1/qux_j5/" "1/waz_k5/"
edge "1/qux_j5/" "1/waz_k9/"
graph
node "1/bar_1/" "bar_j1\n1"
node "1/bar_2/" "bar_j2\n1"
node "1/bar_3/" "bar_j3\n1"
node "1/bar_4/" "bar_j4\n1"
node "1/bar_5/" "bar_j5\n1"
node "1/foo_cat" "foo_cat\n1"
node "1/foo_dog" "foo_dog\n1"
node "1/foo_fish" "foo_fish\n1"
node "1/qux_j1/" "qux_j1\n1"
node "1/qux_j2/" "qux_j2\n1"
node "1/qux_j3/" "qux_j3\n1"
node "1/qux_j4/" "qux_j4\n1"
node "1/qux_j5/" "qux_j5\n1"
node "1/waz_k1/" "waz_k1\n1"
node "1/waz_k5/" "waz_k5\n1"
node "1/waz_k9/" "waz_k9\n1"
stop
