edge "1/foo_100" "1/bar_100"
edge "1/foo_99+1" "1/bar_99+1"
edge "1/foo_hundred" "1/bar_hundred"
edge "1/foo_one-hundred" "1/bar_one-hundred"
graph
node "1/bar_100" "bar_100\n1"
node "1/bar_99+1" "bar_99+1\n1"
node "1/bar_hundred" "bar_hundred\n1"
node "1/bar_one-hundred" "bar_one-hundred\n1"
node "1/foo_100" "foo_100\n1"
node "1/foo_99+1" "foo_99+1\n1"
node "1/foo_hundred" "foo_hundred\n1"
node "1/foo_one-hundred" "foo_one-hundred\n1"
stop
