edge "xyzzy.1" "bar.1"
edge "xyzzy.2" "bar.2"
edge "xyzzy.3" "bar.3"
edge "xyzzy.4" "bar.4"
edge "xyzzy.5" "bar.5"
graph
node "bar.1" "bar\n1"
node "bar.2" "bar\n2"
node "bar.3" "bar\n3"
node "bar.4" "bar\n4"
node "bar.5" "bar\n5"
node "xyzzy.1" "xyzzy\n1"
node "xyzzy.2" "xyzzy\n2"
node "xyzzy.3" "xyzzy\n3"
node "xyzzy.4" "xyzzy\n4"
node "xyzzy.5" "xyzzy\n5"
node "xyzzy.6" "xyzzy\n6"
node "xyzzy.7" "xyzzy\n7"
stop
