edge FAM_cat_j1 bar_cat_j1
edge FAM_cat_j2 bar_cat_j2
edge FAM_cat_j4 bar_cat_j4
edge FAM_cat_j5 bar_cat_j5
edge FAM_dog_j1 bar_cat_j3
edge FAM_dog_j1 bar_dog_j1
edge FAM_dog_j2 bar_dog_j2
edge FAM_dog_j3 bar_dog_j3
edge FAM_dog_j4 bar_dog_j4
edge FAM_dog_j5 bar_dog_j5
edge FAM_fish_j1 bar_fish_j1
edge FAM_fish_j2 bar_fish_j2
edge FAM_fish_j3 bar_fish_j3
edge FAM_fish_j4 bar_fish_j4
edge FAM_fish_j5 bar_fish_j5
edge root FAM_cat_j1
edge root FAM_cat_j2
edge root FAM_cat_j3
edge root FAM_cat_j4
edge root FAM_cat_j5
edge root FAM_dog_j1
edge root FAM_dog_j2
edge root FAM_dog_j3
edge root FAM_dog_j4
edge root FAM_dog_j5
edge root FAM_fish_j1
edge root FAM_fish_j2
edge root FAM_fish_j3
edge root FAM_fish_j4
edge root FAM_fish_j5
edge root boo
edge root foo
graph
node FAM_cat_j1 FAM_cat_j1
node FAM_cat_j2 FAM_cat_j2
node FAM_cat_j3 FAM_cat_j3
node FAM_cat_j4 FAM_cat_j4
node FAM_cat_j5 FAM_cat_j5
node FAM_dog_j1 FAM_dog_j1
node FAM_dog_j2 FAM_dog_j2
node FAM_dog_j3 FAM_dog_j3
node FAM_dog_j4 FAM_dog_j4
node FAM_dog_j5 FAM_dog_j5
node FAM_fish_j1 FAM_fish_j1
node FAM_fish_j2 FAM_fish_j2
node FAM_fish_j3 FAM_fish_j3
node FAM_fish_j4 FAM_fish_j4
node FAM_fish_j5 FAM_fish_j5
node bar_cat_j1 bar_cat_j1
node bar_cat_j2 bar_cat_j2
node bar_cat_j3 bar_cat_j3
node bar_cat_j4 bar_cat_j4
node bar_cat_j5 bar_cat_j5
node bar_dog_j1 bar_dog_j1
node bar_dog_j2 bar_dog_j2
node bar_dog_j3 bar_dog_j3
node bar_dog_j4 bar_dog_j4
node bar_dog_j5 bar_dog_j5
node bar_fish_j1 bar_fish_j1
node bar_fish_j2 bar_fish_j2
node bar_fish_j3 bar_fish_j3
node bar_fish_j4 bar_fish_j4
node bar_fish_j5 bar_fish_j5
node boo boo
node foo foo
node root root
stop
