graph
node "1/bar" "bar\n1"
node "3/bar" "bar\n3"
node "5/bar" "bar\n5"
node "7/bar" "bar\n7"
node "9/bar" "bar\n9"
node "11/bar" "bar\n11"
node "13/bar" "bar\n13"
node "15/bar" "bar\n15"
node "3/cthulhu" "cthulhu\n3"
node "5/cthulhu" "cthulhu\n5"
node "9/cthulhu" "cthulhu\n9"
node "11/cthulhu" "cthulhu\n11"
node "15/cthulhu" "cthulhu\n15"
node "1/foo" "foo\n1"
node "4/foo" "foo\n4"
node "5/foo" "foo\n5"
node "6/foo" "foo\n6"
node "8/foo" "foo\n8"
node "9/foo" "foo\n9"
node "10/foo" "foo\n10"
node "11/foo" "foo\n11"
node "12/foo" "foo\n12"
node "13/foo" "foo\n13"
node "14/foo" "foo\n14"
node "15/foo" "foo\n15"
node "16/foo" "foo\n16"
node "2/qux" "qux\n2"
node "4/qux" "qux\n4"
node "10/qux" "qux\n10"
node "12/qux" "qux\n12"
node "14/qux" "qux\n14"
node "16/qux" "qux\n16"
node "2/woo" "woo\n2"
node "4/woo" "woo\n4"
node "6/woo" "woo\n6"
node "8/woo" "woo\n8"
node "10/woo" "woo\n10"
node "12/woo" "woo\n12"
node "14/woo" "woo\n14"
node "16/woo" "woo\n16"
stop
